// Jest Snapshot v1, https://goo.gl/fbAQLP

exports[`Token component renders the token correctly renders correctly 1`] = `
ShallowWrapper {
  Symbol(enzyme.__root__): [Circular],
  Symbol(enzyme.__unrendered__): <Token
    account="0xabc"
    contract="0xabc"
    modals={Object {}}
    name="nft name"
    toggleModal={[Function]}
    token={
      Object {
        "image": "https://example.com/image.jpg",
        "name": "Token",
      }
    }
    tokenId={123}
  />,
  Symbol(enzyme.__renderer__): Object {
    "batchedUpdates": [Function],
    "getNode": [Function],
    "render": [Function],
    "simulateError": [Function],
    "simulateEvent": [Function],
    "unmount": [Function],
  },
  Symbol(enzyme.__node__): Object {
    "instance": null,
    "key": undefined,
    "nodeType": "function",
    "props": Object {
      "children": Array [
        <ForwardRef
          src="https://example.com/image.jpg"
          width="100%"
        />,
        <p>
          Token
        </p>,
        <p>
          &lt;No description given&gt;
        </p>,
        <a
          target="_blank"
        >
          Visit Website
        </a>,
        <button>
          Transfer
        </button>,
        <Modal
          ariaHideApp={false}
          bodyOpenClassName="ReactModal__Body--open"
          closeTimeoutMS={0}
          contentLabel="Example Modal"
          isOpen={false}
          parentSelector={[Function]}
          portalClassName="ReactModalPortal"
          role="dialog"
          shouldCloseOnEsc={true}
          shouldCloseOnOverlayClick={true}
          shouldFocusAfterRender={true}
          shouldReturnFocusAfterClose={true}
          style={
            Object {
              "content": Object {
                "bottom": "auto",
                "left": "50%",
                "marginRight": "-50%",
                "right": "auto",
                "top": "50%",
                "transform": "translate(-50%, -50%)",
              },
            }
          }
        >
          <Connect(TransferModal)
            contract="0xabc"
            from="0xabc"
            tokenId={123}
          />
        </Modal>,
      ],
    },
    "ref": null,
    "rendered": Array [
      Object {
        "instance": null,
        "key": undefined,
        "nodeType": "function",
        "props": Object {
          "src": "https://example.com/image.jpg",
          "width": "100%",
        },
        "ref": null,
        "rendered": null,
        "type": Object {
          "$$typeof": Symbol(react.forward_ref),
          "attrs": undefined,
          "componentStyle": ComponentStyle {
            "componentId": "sc-bwzfXH",
            "isStatic": true,
            "rules": Array [
              "
  display: inline-block;
  width: 100px;
  height: 100px;
",
            ],
          },
          "displayName": "styled.img",
          "render": [Function],
          "styledComponentId": "sc-bwzfXH",
          "target": "img",
          "warnTooManyClasses": [Function],
          "withComponent": [Function],
        },
      },
      Object {
        "instance": null,
        "key": undefined,
        "nodeType": "host",
        "props": Object {
          "children": "Token",
        },
        "ref": null,
        "rendered": "Token",
        "type": "p",
      },
      Object {
        "instance": null,
        "key": undefined,
        "nodeType": "host",
        "props": Object {
          "children": "<No description given>",
        },
        "ref": null,
        "rendered": "<No description given>",
        "type": "p",
      },
      Object {
        "instance": null,
        "key": undefined,
        "nodeType": "host",
        "props": Object {
          "children": "Visit Website",
          "href": undefined,
          "target": "_blank",
        },
        "ref": null,
        "rendered": "Visit Website",
        "type": "a",
      },
      Object {
        "instance": null,
        "key": undefined,
        "nodeType": "host",
        "props": Object {
          "children": "Transfer",
          "onClick": undefined,
        },
        "ref": null,
        "rendered": "Transfer",
        "type": "button",
      },
      Object {
        "instance": null,
        "key": undefined,
        "nodeType": "class",
        "props": Object {
          "ariaHideApp": false,
          "bodyOpenClassName": "ReactModal__Body--open",
          "children": <Connect(TransferModal)
            contract="0xabc"
            from="0xabc"
            tokenId={123}
          />,
          "closeTimeoutMS": 0,
          "contentLabel": "Example Modal",
          "isOpen": false,
          "onRequestClose": undefined,
          "parentSelector": [Function],
          "portalClassName": "ReactModalPortal",
          "role": "dialog",
          "shouldCloseOnEsc": true,
          "shouldCloseOnOverlayClick": true,
          "shouldFocusAfterRender": true,
          "shouldReturnFocusAfterClose": true,
          "style": Object {
            "content": Object {
              "bottom": "auto",
              "left": "50%",
              "marginRight": "-50%",
              "right": "auto",
              "top": "50%",
              "transform": "translate(-50%, -50%)",
            },
          },
        },
        "ref": null,
        "rendered": Object {
          "instance": null,
          "key": undefined,
          "nodeType": "class",
          "props": Object {
            "contract": "0xabc",
            "from": "0xabc",
            "tokenId": 123,
          },
          "ref": null,
          "rendered": null,
          "type": [Function],
        },
        "type": [Function],
      },
    ],
    "type": Object {
      "$$typeof": Symbol(react.forward_ref),
      "attrs": undefined,
      "componentStyle": ComponentStyle {
        "componentId": "sc-bdVaJa",
        "isStatic": true,
        "rules": Array [
          "
  margin: 1em;
  border: 1px solid #eee;
  border-radius: 1px;
  padding: 1em;
  background-color: #fafafa;
  text-align: center;
  width: 150px;
",
        ],
      },
      "displayName": "styled.div",
      "render": [Function],
      "styledComponentId": "sc-bdVaJa",
      "target": "div",
      "warnTooManyClasses": [Function],
      "withComponent": [Function],
    },
  },
  Symbol(enzyme.__nodes__): Array [
    Object {
      "instance": null,
      "key": undefined,
      "nodeType": "function",
      "props": Object {
        "children": Array [
          <ForwardRef
            src="https://example.com/image.jpg"
            width="100%"
          />,
          <p>
            Token
          </p>,
          <p>
            &lt;No description given&gt;
          </p>,
          <a
            target="_blank"
          >
            Visit Website
          </a>,
          <button>
            Transfer
          </button>,
          <Modal
            ariaHideApp={false}
            bodyOpenClassName="ReactModal__Body--open"
            closeTimeoutMS={0}
            contentLabel="Example Modal"
            isOpen={false}
            parentSelector={[Function]}
            portalClassName="ReactModalPortal"
            role="dialog"
            shouldCloseOnEsc={true}
            shouldCloseOnOverlayClick={true}
            shouldFocusAfterRender={true}
            shouldReturnFocusAfterClose={true}
            style={
              Object {
                "content": Object {
                  "bottom": "auto",
                  "left": "50%",
                  "marginRight": "-50%",
                  "right": "auto",
                  "top": "50%",
                  "transform": "translate(-50%, -50%)",
                },
              }
            }
          >
            <Connect(TransferModal)
              contract="0xabc"
              from="0xabc"
              tokenId={123}
            />
          </Modal>,
        ],
      },
      "ref": null,
      "rendered": Array [
        Object {
          "instance": null,
          "key": undefined,
          "nodeType": "function",
          "props": Object {
            "src": "https://example.com/image.jpg",
            "width": "100%",
          },
          "ref": null,
          "rendered": null,
          "type": Object {
            "$$typeof": Symbol(react.forward_ref),
            "attrs": undefined,
            "componentStyle": ComponentStyle {
              "componentId": "sc-bwzfXH",
              "isStatic": true,
              "rules": Array [
                "
  display: inline-block;
  width: 100px;
  height: 100px;
",
              ],
            },
            "displayName": "styled.img",
            "render": [Function],
            "styledComponentId": "sc-bwzfXH",
            "target": "img",
            "warnTooManyClasses": [Function],
            "withComponent": [Function],
          },
        },
        Object {
          "instance": null,
          "key": undefined,
          "nodeType": "host",
          "props": Object {
            "children": "Token",
          },
          "ref": null,
          "rendered": "Token",
          "type": "p",
        },
        Object {
          "instance": null,
          "key": undefined,
          "nodeType": "host",
          "props": Object {
            "children": "<No description given>",
          },
          "ref": null,
          "rendered": "<No description given>",
          "type": "p",
        },
        Object {
          "instance": null,
          "key": undefined,
          "nodeType": "host",
          "props": Object {
            "children": "Visit Website",
            "href": undefined,
            "target": "_blank",
          },
          "ref": null,
          "rendered": "Visit Website",
          "type": "a",
        },
        Object {
          "instance": null,
          "key": undefined,
          "nodeType": "host",
          "props": Object {
            "children": "Transfer",
            "onClick": undefined,
          },
          "ref": null,
          "rendered": "Transfer",
          "type": "button",
        },
        Object {
          "instance": null,
          "key": undefined,
          "nodeType": "class",
          "props": Object {
            "ariaHideApp": false,
            "bodyOpenClassName": "ReactModal__Body--open",
            "children": <Connect(TransferModal)
              contract="0xabc"
              from="0xabc"
              tokenId={123}
            />,
            "closeTimeoutMS": 0,
            "contentLabel": "Example Modal",
            "isOpen": false,
            "onRequestClose": undefined,
            "parentSelector": [Function],
            "portalClassName": "ReactModalPortal",
            "role": "dialog",
            "shouldCloseOnEsc": true,
            "shouldCloseOnOverlayClick": true,
            "shouldFocusAfterRender": true,
            "shouldReturnFocusAfterClose": true,
            "style": Object {
              "content": Object {
                "bottom": "auto",
                "left": "50%",
                "marginRight": "-50%",
                "right": "auto",
                "top": "50%",
                "transform": "translate(-50%, -50%)",
              },
            },
          },
          "ref": null,
          "rendered": Object {
            "instance": null,
            "key": undefined,
            "nodeType": "class",
            "props": Object {
              "contract": "0xabc",
              "from": "0xabc",
              "tokenId": 123,
            },
            "ref": null,
            "rendered": null,
            "type": [Function],
          },
          "type": [Function],
        },
      ],
      "type": Object {
        "$$typeof": Symbol(react.forward_ref),
        "attrs": undefined,
        "componentStyle": ComponentStyle {
          "componentId": "sc-bdVaJa",
          "isStatic": true,
          "rules": Array [
            "
  margin: 1em;
  border: 1px solid #eee;
  border-radius: 1px;
  padding: 1em;
  background-color: #fafafa;
  text-align: center;
  width: 150px;
",
          ],
        },
        "displayName": "styled.div",
        "render": [Function],
        "styledComponentId": "sc-bdVaJa",
        "target": "div",
        "warnTooManyClasses": [Function],
        "withComponent": [Function],
      },
    },
  ],
  Symbol(enzyme.__options__): Object {
    "adapter": ReactSixteenAdapter {
      "options": Object {
        "enableComponentDidUpdateOnSetState": true,
        "lifecycles": Object {
          "componentDidUpdate": Object {
            "onSetState": true,
          },
          "getDerivedStateFromProps": true,
          "getSnapshotBeforeUpdate": true,
          "setState": Object {
            "skipsComponentDidUpdateOnNullish": true,
          },
        },
      },
    },
  },
}
`;
