// Jest Snapshot v1, https://goo.gl/fbAQLP

exports[`Token component renders the token correctly renders correctly 1`] = `
ShallowWrapper {
  Symbol(enzyme.__root__): [Circular],
  Symbol(enzyme.__unrendered__): <Token
    account="0xabc"
    contract="0xabc"
    modals={Object {}}
    name="nft name"
    toggleModal={[Function]}
    token={
      Object {
        "description": "nft description",
        "image": "https://example.com/image.jpg",
        "name": "Token",
      }
    }
    tokenId={123}
  />,
  Symbol(enzyme.__renderer__): Object {
    "batchedUpdates": [Function],
    "getNode": [Function],
    "render": [Function],
    "simulateError": [Function],
    "simulateEvent": [Function],
    "unmount": [Function],
  },
  Symbol(enzyme.__node__): Object {
    "instance": null,
    "key": undefined,
    "nodeType": "function",
    "props": Object {
      "children": Array [
        <ForwardRef
          src="https://example.com/image.jpg"
          width="100%"
        />,
        <p>
          Token
        </p>,
        <p>
          nft description...
        </p>,
        <ForwardRef>
          <ForwardRef>
            <ForwardRef>
              <FontAwesomeIcon
                border={false}
                className=""
                fixedWidth={false}
                flip={null}
                icon={
                  Object {
                    "icon": Array [
                      512,
                      512,
                      Array [],
                      "f362",
                      "M0 168v-16c0-13.255 10.745-24 24-24h360V80c0-21.367 25.899-32.042 40.971-16.971l80 80c9.372 9.373 9.372 24.569 0 33.941l-80 80C409.956 271.982 384 261.456 384 240v-48H24c-13.255 0-24-10.745-24-24zm488 152H128v-48c0-21.314-25.862-32.08-40.971-16.971l-80 80c-9.372 9.373-9.372 24.569 0 33.941l80 80C102.057 463.997 128 453.437 128 432v-48h360c13.255 0 24-10.745 24-24v-16c0-13.255-10.745-24-24-24z",
                    ],
                    "iconName": "exchange-alt",
                    "prefix": "fas",
                  }
                }
                inverse={false}
                listItem={false}
                mask={null}
                pull={null}
                pulse={false}
                rotation={null}
                size={null}
                spin={false}
                symbol={false}
                title=""
                transform={null}
              />
               Sublicense
            </ForwardRef>
          </ForwardRef>
        </ForwardRef>,
        <Modal
          ariaHideApp={false}
          bodyOpenClassName="ReactModal__Body--open"
          closeTimeoutMS={0}
          isOpen={false}
          parentSelector={[Function]}
          portalClassName="ReactModalPortal"
          role="dialog"
          shouldCloseOnEsc={true}
          shouldCloseOnOverlayClick={true}
          shouldFocusAfterRender={true}
          shouldReturnFocusAfterClose={true}
          style={
            Object {
              "content": Object {
                "bottom": "auto",
                "left": "50%",
                "marginRight": "-50%",
                "right": "auto",
                "top": "50%",
                "transform": "translate(-50%, -50%)",
                "width": "50vh",
              },
            }
          }
        >
          <Connect(TransferModal)
            contract="0xabc"
            from="0xabc"
            image="https://example.com/image.jpg"
            name="Token"
            token={
              Object {
                "description": "nft description",
                "image": "https://example.com/image.jpg",
                "name": "Token",
              }
            }
          />
        </Modal>,
      ],
    },
    "ref": null,
    "rendered": Array [
      Object {
        "instance": null,
        "key": undefined,
        "nodeType": "function",
        "props": Object {
          "src": "https://example.com/image.jpg",
          "width": "100%",
        },
        "ref": null,
        "rendered": null,
        "type": Object {
          "$$typeof": Symbol(react.forward_ref),
          "attrs": undefined,
          "componentStyle": ComponentStyle {
            "componentId": "sc-gqjmRU",
            "isStatic": true,
            "rules": Array [
              "
  display: inline-block;
  width: 100px;
  height: 100px;
",
            ],
          },
          "displayName": "styled.img",
          "render": [Function],
          "styledComponentId": "sc-gqjmRU",
          "target": "img",
          "warnTooManyClasses": [Function],
          "withComponent": [Function],
        },
      },
      Object {
        "instance": null,
        "key": undefined,
        "nodeType": "host",
        "props": Object {
          "children": "Token",
        },
        "ref": null,
        "rendered": "Token",
        "type": "p",
      },
      Object {
        "instance": null,
        "key": undefined,
        "nodeType": "host",
        "props": Object {
          "children": "nft description...",
        },
        "ref": null,
        "rendered": "nft description...",
        "type": "p",
      },
      Object {
        "instance": null,
        "key": undefined,
        "nodeType": "function",
        "props": Object {
          "children": <ForwardRef>
            <ForwardRef>
              <FontAwesomeIcon
                border={false}
                className=""
                fixedWidth={false}
                flip={null}
                icon={
                  Object {
                    "icon": Array [
                      512,
                      512,
                      Array [],
                      "f362",
                      "M0 168v-16c0-13.255 10.745-24 24-24h360V80c0-21.367 25.899-32.042 40.971-16.971l80 80c9.372 9.373 9.372 24.569 0 33.941l-80 80C409.956 271.982 384 261.456 384 240v-48H24c-13.255 0-24-10.745-24-24zm488 152H128v-48c0-21.314-25.862-32.08-40.971-16.971l-80 80c-9.372 9.373-9.372 24.569 0 33.941l80 80C102.057 463.997 128 453.437 128 432v-48h360c13.255 0 24-10.745 24-24v-16c0-13.255-10.745-24-24-24z",
                    ],
                    "iconName": "exchange-alt",
                    "prefix": "fas",
                  }
                }
                inverse={false}
                listItem={false}
                mask={null}
                pull={null}
                pulse={false}
                rotation={null}
                size={null}
                spin={false}
                symbol={false}
                title=""
                transform={null}
              />
               Sublicense
            </ForwardRef>
          </ForwardRef>,
        },
        "ref": null,
        "rendered": Object {
          "instance": null,
          "key": undefined,
          "nodeType": "function",
          "props": Object {
            "children": <ForwardRef>
              <FontAwesomeIcon
                border={false}
                className=""
                fixedWidth={false}
                flip={null}
                icon={
                  Object {
                    "icon": Array [
                      512,
                      512,
                      Array [],
                      "f362",
                      "M0 168v-16c0-13.255 10.745-24 24-24h360V80c0-21.367 25.899-32.042 40.971-16.971l80 80c9.372 9.373 9.372 24.569 0 33.941l-80 80C409.956 271.982 384 261.456 384 240v-48H24c-13.255 0-24-10.745-24-24zm488 152H128v-48c0-21.314-25.862-32.08-40.971-16.971l-80 80c-9.372 9.373-9.372 24.569 0 33.941l80 80C102.057 463.997 128 453.437 128 432v-48h360c13.255 0 24-10.745 24-24v-16c0-13.255-10.745-24-24-24z",
                    ],
                    "iconName": "exchange-alt",
                    "prefix": "fas",
                  }
                }
                inverse={false}
                listItem={false}
                mask={null}
                pull={null}
                pulse={false}
                rotation={null}
                size={null}
                spin={false}
                symbol={false}
                title=""
                transform={null}
              />
               Sublicense
            </ForwardRef>,
            "onClick": undefined,
          },
          "ref": null,
          "rendered": Object {
            "instance": null,
            "key": undefined,
            "nodeType": "function",
            "props": Object {
              "children": Array [
                <FontAwesomeIcon
                  border={false}
                  className=""
                  fixedWidth={false}
                  flip={null}
                  icon={
                    Object {
                      "icon": Array [
                        512,
                        512,
                        Array [],
                        "f362",
                        "M0 168v-16c0-13.255 10.745-24 24-24h360V80c0-21.367 25.899-32.042 40.971-16.971l80 80c9.372 9.373 9.372 24.569 0 33.941l-80 80C409.956 271.982 384 261.456 384 240v-48H24c-13.255 0-24-10.745-24-24zm488 152H128v-48c0-21.314-25.862-32.08-40.971-16.971l-80 80c-9.372 9.373-9.372 24.569 0 33.941l80 80C102.057 463.997 128 453.437 128 432v-48h360c13.255 0 24-10.745 24-24v-16c0-13.255-10.745-24-24-24z",
                      ],
                      "iconName": "exchange-alt",
                      "prefix": "fas",
                    }
                  }
                  inverse={false}
                  listItem={false}
                  mask={null}
                  pull={null}
                  pulse={false}
                  rotation={null}
                  size={null}
                  spin={false}
                  symbol={false}
                  title=""
                  transform={null}
                />,
                " Sublicense",
              ],
            },
            "ref": null,
            "rendered": Array [
              Object {
                "instance": null,
                "key": undefined,
                "nodeType": "function",
                "props": Object {
                  "border": false,
                  "className": "",
                  "fixedWidth": false,
                  "flip": null,
                  "icon": Object {
                    "icon": Array [
                      512,
                      512,
                      Array [],
                      "f362",
                      "M0 168v-16c0-13.255 10.745-24 24-24h360V80c0-21.367 25.899-32.042 40.971-16.971l80 80c9.372 9.373 9.372 24.569 0 33.941l-80 80C409.956 271.982 384 261.456 384 240v-48H24c-13.255 0-24-10.745-24-24zm488 152H128v-48c0-21.314-25.862-32.08-40.971-16.971l-80 80c-9.372 9.373-9.372 24.569 0 33.941l80 80C102.057 463.997 128 453.437 128 432v-48h360c13.255 0 24-10.745 24-24v-16c0-13.255-10.745-24-24-24z",
                    ],
                    "iconName": "exchange-alt",
                    "prefix": "fas",
                  },
                  "inverse": false,
                  "listItem": false,
                  "mask": null,
                  "pull": null,
                  "pulse": false,
                  "rotation": null,
                  "size": null,
                  "spin": false,
                  "symbol": false,
                  "title": "",
                  "transform": null,
                },
                "ref": null,
                "rendered": null,
                "type": [Function],
              },
              " Sublicense",
            ],
            "type": Object {
              "$$typeof": Symbol(react.forward_ref),
              "attrs": undefined,
              "componentStyle": ComponentStyle {
                "componentId": "sc-gZMcBi",
                "isStatic": true,
                "rules": Array [
                  "
  display: inline-block;
  vertical-align: middle;
  padding-top: 0.35em;
  text-decoration: none;

  &:visited {
    color: #424242;
    text-decoration: none;
  }
",
                ],
              },
              "displayName": "styled.a",
              "render": [Function],
              "styledComponentId": "sc-gZMcBi",
              "target": "a",
              "warnTooManyClasses": [Function],
              "withComponent": [Function],
            },
          },
          "type": Object {
            "$$typeof": Symbol(react.forward_ref),
            "attrs": undefined,
            "componentStyle": ComponentStyle {
              "componentId": "sc-iwsKbI",
              "isStatic": true,
              "rules": Array [
                "
  display: inline-block;
  height: 100%;
  width: 100%;
  color: #424242;
  text-align: center;
  &:hover {
    cursor: pointer;
    background-color: #fafafa;
  }
",
              ],
            },
            "displayName": "styled.li",
            "render": [Function],
            "styledComponentId": "sc-iwsKbI",
            "target": "li",
            "warnTooManyClasses": [Function],
            "withComponent": [Function],
          },
        },
        "type": Object {
          "$$typeof": Symbol(react.forward_ref),
          "attrs": undefined,
          "componentStyle": ComponentStyle {
            "componentId": "sc-dnqmqq",
            "isStatic": true,
            "rules": Array [
              "
  display: block;
  list-style: none;
  padding: 0;
  margin: 0;
  height: 2em;
  width: 100%;
  border-top: 1px solid #eee;
",
            ],
          },
          "displayName": "styled.ul",
          "render": [Function],
          "styledComponentId": "sc-dnqmqq",
          "target": "ul",
          "warnTooManyClasses": [Function],
          "withComponent": [Function],
        },
      },
      Object {
        "instance": null,
        "key": undefined,
        "nodeType": "class",
        "props": Object {
          "ariaHideApp": false,
          "bodyOpenClassName": "ReactModal__Body--open",
          "children": <Connect(TransferModal)
            contract="0xabc"
            from="0xabc"
            image="https://example.com/image.jpg"
            name="Token"
            token={
              Object {
                "description": "nft description",
                "image": "https://example.com/image.jpg",
                "name": "Token",
              }
            }
          />,
          "closeTimeoutMS": 0,
          "isOpen": false,
          "onRequestClose": undefined,
          "parentSelector": [Function],
          "portalClassName": "ReactModalPortal",
          "role": "dialog",
          "shouldCloseOnEsc": true,
          "shouldCloseOnOverlayClick": true,
          "shouldFocusAfterRender": true,
          "shouldReturnFocusAfterClose": true,
          "style": Object {
            "content": Object {
              "bottom": "auto",
              "left": "50%",
              "marginRight": "-50%",
              "right": "auto",
              "top": "50%",
              "transform": "translate(-50%, -50%)",
              "width": "50vh",
            },
          },
        },
        "ref": null,
        "rendered": Object {
          "instance": null,
          "key": undefined,
          "nodeType": "class",
          "props": Object {
            "contract": "0xabc",
            "from": "0xabc",
            "image": "https://example.com/image.jpg",
            "name": "Token",
            "toggleModal": undefined,
            "token": Object {
              "description": "nft description",
              "image": "https://example.com/image.jpg",
              "name": "Token",
            },
            "tokenHash": undefined,
          },
          "ref": null,
          "rendered": null,
          "type": [Function],
        },
        "type": [Function],
      },
    ],
    "type": Object {
      "$$typeof": Symbol(react.forward_ref),
      "attrs": undefined,
      "componentStyle": ComponentStyle {
        "componentId": "sc-htoDjs",
        "isStatic": true,
        "rules": Array [
          "
  margin: 1em;
  padding-top: 1em;
  background-color: white;
  box-shadow: 0 1px 1px 0 rgba(60, 64, 67, 0.08),
    0 1px 3px 1px rgba(60, 64, 67, 0.16);
  text-align: center;
  width: 200px;
",
        ],
      },
      "displayName": "styled.div",
      "render": [Function],
      "styledComponentId": "sc-htoDjs",
      "target": "div",
      "warnTooManyClasses": [Function],
      "withComponent": [Function],
    },
  },
  Symbol(enzyme.__nodes__): Array [
    Object {
      "instance": null,
      "key": undefined,
      "nodeType": "function",
      "props": Object {
        "children": Array [
          <ForwardRef
            src="https://example.com/image.jpg"
            width="100%"
          />,
          <p>
            Token
          </p>,
          <p>
            nft description...
          </p>,
          <ForwardRef>
            <ForwardRef>
              <ForwardRef>
                <FontAwesomeIcon
                  border={false}
                  className=""
                  fixedWidth={false}
                  flip={null}
                  icon={
                    Object {
                      "icon": Array [
                        512,
                        512,
                        Array [],
                        "f362",
                        "M0 168v-16c0-13.255 10.745-24 24-24h360V80c0-21.367 25.899-32.042 40.971-16.971l80 80c9.372 9.373 9.372 24.569 0 33.941l-80 80C409.956 271.982 384 261.456 384 240v-48H24c-13.255 0-24-10.745-24-24zm488 152H128v-48c0-21.314-25.862-32.08-40.971-16.971l-80 80c-9.372 9.373-9.372 24.569 0 33.941l80 80C102.057 463.997 128 453.437 128 432v-48h360c13.255 0 24-10.745 24-24v-16c0-13.255-10.745-24-24-24z",
                      ],
                      "iconName": "exchange-alt",
                      "prefix": "fas",
                    }
                  }
                  inverse={false}
                  listItem={false}
                  mask={null}
                  pull={null}
                  pulse={false}
                  rotation={null}
                  size={null}
                  spin={false}
                  symbol={false}
                  title=""
                  transform={null}
                />
                 Sublicense
              </ForwardRef>
            </ForwardRef>
          </ForwardRef>,
          <Modal
            ariaHideApp={false}
            bodyOpenClassName="ReactModal__Body--open"
            closeTimeoutMS={0}
            isOpen={false}
            parentSelector={[Function]}
            portalClassName="ReactModalPortal"
            role="dialog"
            shouldCloseOnEsc={true}
            shouldCloseOnOverlayClick={true}
            shouldFocusAfterRender={true}
            shouldReturnFocusAfterClose={true}
            style={
              Object {
                "content": Object {
                  "bottom": "auto",
                  "left": "50%",
                  "marginRight": "-50%",
                  "right": "auto",
                  "top": "50%",
                  "transform": "translate(-50%, -50%)",
                  "width": "50vh",
                },
              }
            }
          >
            <Connect(TransferModal)
              contract="0xabc"
              from="0xabc"
              image="https://example.com/image.jpg"
              name="Token"
              token={
                Object {
                  "description": "nft description",
                  "image": "https://example.com/image.jpg",
                  "name": "Token",
                }
              }
            />
          </Modal>,
        ],
      },
      "ref": null,
      "rendered": Array [
        Object {
          "instance": null,
          "key": undefined,
          "nodeType": "function",
          "props": Object {
            "src": "https://example.com/image.jpg",
            "width": "100%",
          },
          "ref": null,
          "rendered": null,
          "type": Object {
            "$$typeof": Symbol(react.forward_ref),
            "attrs": undefined,
            "componentStyle": ComponentStyle {
              "componentId": "sc-gqjmRU",
              "isStatic": true,
              "rules": Array [
                "
  display: inline-block;
  width: 100px;
  height: 100px;
",
              ],
            },
            "displayName": "styled.img",
            "render": [Function],
            "styledComponentId": "sc-gqjmRU",
            "target": "img",
            "warnTooManyClasses": [Function],
            "withComponent": [Function],
          },
        },
        Object {
          "instance": null,
          "key": undefined,
          "nodeType": "host",
          "props": Object {
            "children": "Token",
          },
          "ref": null,
          "rendered": "Token",
          "type": "p",
        },
        Object {
          "instance": null,
          "key": undefined,
          "nodeType": "host",
          "props": Object {
            "children": "nft description...",
          },
          "ref": null,
          "rendered": "nft description...",
          "type": "p",
        },
        Object {
          "instance": null,
          "key": undefined,
          "nodeType": "function",
          "props": Object {
            "children": <ForwardRef>
              <ForwardRef>
                <FontAwesomeIcon
                  border={false}
                  className=""
                  fixedWidth={false}
                  flip={null}
                  icon={
                    Object {
                      "icon": Array [
                        512,
                        512,
                        Array [],
                        "f362",
                        "M0 168v-16c0-13.255 10.745-24 24-24h360V80c0-21.367 25.899-32.042 40.971-16.971l80 80c9.372 9.373 9.372 24.569 0 33.941l-80 80C409.956 271.982 384 261.456 384 240v-48H24c-13.255 0-24-10.745-24-24zm488 152H128v-48c0-21.314-25.862-32.08-40.971-16.971l-80 80c-9.372 9.373-9.372 24.569 0 33.941l80 80C102.057 463.997 128 453.437 128 432v-48h360c13.255 0 24-10.745 24-24v-16c0-13.255-10.745-24-24-24z",
                      ],
                      "iconName": "exchange-alt",
                      "prefix": "fas",
                    }
                  }
                  inverse={false}
                  listItem={false}
                  mask={null}
                  pull={null}
                  pulse={false}
                  rotation={null}
                  size={null}
                  spin={false}
                  symbol={false}
                  title=""
                  transform={null}
                />
                 Sublicense
              </ForwardRef>
            </ForwardRef>,
          },
          "ref": null,
          "rendered": Object {
            "instance": null,
            "key": undefined,
            "nodeType": "function",
            "props": Object {
              "children": <ForwardRef>
                <FontAwesomeIcon
                  border={false}
                  className=""
                  fixedWidth={false}
                  flip={null}
                  icon={
                    Object {
                      "icon": Array [
                        512,
                        512,
                        Array [],
                        "f362",
                        "M0 168v-16c0-13.255 10.745-24 24-24h360V80c0-21.367 25.899-32.042 40.971-16.971l80 80c9.372 9.373 9.372 24.569 0 33.941l-80 80C409.956 271.982 384 261.456 384 240v-48H24c-13.255 0-24-10.745-24-24zm488 152H128v-48c0-21.314-25.862-32.08-40.971-16.971l-80 80c-9.372 9.373-9.372 24.569 0 33.941l80 80C102.057 463.997 128 453.437 128 432v-48h360c13.255 0 24-10.745 24-24v-16c0-13.255-10.745-24-24-24z",
                      ],
                      "iconName": "exchange-alt",
                      "prefix": "fas",
                    }
                  }
                  inverse={false}
                  listItem={false}
                  mask={null}
                  pull={null}
                  pulse={false}
                  rotation={null}
                  size={null}
                  spin={false}
                  symbol={false}
                  title=""
                  transform={null}
                />
                 Sublicense
              </ForwardRef>,
              "onClick": undefined,
            },
            "ref": null,
            "rendered": Object {
              "instance": null,
              "key": undefined,
              "nodeType": "function",
              "props": Object {
                "children": Array [
                  <FontAwesomeIcon
                    border={false}
                    className=""
                    fixedWidth={false}
                    flip={null}
                    icon={
                      Object {
                        "icon": Array [
                          512,
                          512,
                          Array [],
                          "f362",
                          "M0 168v-16c0-13.255 10.745-24 24-24h360V80c0-21.367 25.899-32.042 40.971-16.971l80 80c9.372 9.373 9.372 24.569 0 33.941l-80 80C409.956 271.982 384 261.456 384 240v-48H24c-13.255 0-24-10.745-24-24zm488 152H128v-48c0-21.314-25.862-32.08-40.971-16.971l-80 80c-9.372 9.373-9.372 24.569 0 33.941l80 80C102.057 463.997 128 453.437 128 432v-48h360c13.255 0 24-10.745 24-24v-16c0-13.255-10.745-24-24-24z",
                        ],
                        "iconName": "exchange-alt",
                        "prefix": "fas",
                      }
                    }
                    inverse={false}
                    listItem={false}
                    mask={null}
                    pull={null}
                    pulse={false}
                    rotation={null}
                    size={null}
                    spin={false}
                    symbol={false}
                    title=""
                    transform={null}
                  />,
                  " Sublicense",
                ],
              },
              "ref": null,
              "rendered": Array [
                Object {
                  "instance": null,
                  "key": undefined,
                  "nodeType": "function",
                  "props": Object {
                    "border": false,
                    "className": "",
                    "fixedWidth": false,
                    "flip": null,
                    "icon": Object {
                      "icon": Array [
                        512,
                        512,
                        Array [],
                        "f362",
                        "M0 168v-16c0-13.255 10.745-24 24-24h360V80c0-21.367 25.899-32.042 40.971-16.971l80 80c9.372 9.373 9.372 24.569 0 33.941l-80 80C409.956 271.982 384 261.456 384 240v-48H24c-13.255 0-24-10.745-24-24zm488 152H128v-48c0-21.314-25.862-32.08-40.971-16.971l-80 80c-9.372 9.373-9.372 24.569 0 33.941l80 80C102.057 463.997 128 453.437 128 432v-48h360c13.255 0 24-10.745 24-24v-16c0-13.255-10.745-24-24-24z",
                      ],
                      "iconName": "exchange-alt",
                      "prefix": "fas",
                    },
                    "inverse": false,
                    "listItem": false,
                    "mask": null,
                    "pull": null,
                    "pulse": false,
                    "rotation": null,
                    "size": null,
                    "spin": false,
                    "symbol": false,
                    "title": "",
                    "transform": null,
                  },
                  "ref": null,
                  "rendered": null,
                  "type": [Function],
                },
                " Sublicense",
              ],
              "type": Object {
                "$$typeof": Symbol(react.forward_ref),
                "attrs": undefined,
                "componentStyle": ComponentStyle {
                  "componentId": "sc-gZMcBi",
                  "isStatic": true,
                  "rules": Array [
                    "
  display: inline-block;
  vertical-align: middle;
  padding-top: 0.35em;
  text-decoration: none;

  &:visited {
    color: #424242;
    text-decoration: none;
  }
",
                  ],
                },
                "displayName": "styled.a",
                "render": [Function],
                "styledComponentId": "sc-gZMcBi",
                "target": "a",
                "warnTooManyClasses": [Function],
                "withComponent": [Function],
              },
            },
            "type": Object {
              "$$typeof": Symbol(react.forward_ref),
              "attrs": undefined,
              "componentStyle": ComponentStyle {
                "componentId": "sc-iwsKbI",
                "isStatic": true,
                "rules": Array [
                  "
  display: inline-block;
  height: 100%;
  width: 100%;
  color: #424242;
  text-align: center;
  &:hover {
    cursor: pointer;
    background-color: #fafafa;
  }
",
                ],
              },
              "displayName": "styled.li",
              "render": [Function],
              "styledComponentId": "sc-iwsKbI",
              "target": "li",
              "warnTooManyClasses": [Function],
              "withComponent": [Function],
            },
          },
          "type": Object {
            "$$typeof": Symbol(react.forward_ref),
            "attrs": undefined,
            "componentStyle": ComponentStyle {
              "componentId": "sc-dnqmqq",
              "isStatic": true,
              "rules": Array [
                "
  display: block;
  list-style: none;
  padding: 0;
  margin: 0;
  height: 2em;
  width: 100%;
  border-top: 1px solid #eee;
",
              ],
            },
            "displayName": "styled.ul",
            "render": [Function],
            "styledComponentId": "sc-dnqmqq",
            "target": "ul",
            "warnTooManyClasses": [Function],
            "withComponent": [Function],
          },
        },
        Object {
          "instance": null,
          "key": undefined,
          "nodeType": "class",
          "props": Object {
            "ariaHideApp": false,
            "bodyOpenClassName": "ReactModal__Body--open",
            "children": <Connect(TransferModal)
              contract="0xabc"
              from="0xabc"
              image="https://example.com/image.jpg"
              name="Token"
              token={
                Object {
                  "description": "nft description",
                  "image": "https://example.com/image.jpg",
                  "name": "Token",
                }
              }
            />,
            "closeTimeoutMS": 0,
            "isOpen": false,
            "onRequestClose": undefined,
            "parentSelector": [Function],
            "portalClassName": "ReactModalPortal",
            "role": "dialog",
            "shouldCloseOnEsc": true,
            "shouldCloseOnOverlayClick": true,
            "shouldFocusAfterRender": true,
            "shouldReturnFocusAfterClose": true,
            "style": Object {
              "content": Object {
                "bottom": "auto",
                "left": "50%",
                "marginRight": "-50%",
                "right": "auto",
                "top": "50%",
                "transform": "translate(-50%, -50%)",
                "width": "50vh",
              },
            },
          },
          "ref": null,
          "rendered": Object {
            "instance": null,
            "key": undefined,
            "nodeType": "class",
            "props": Object {
              "contract": "0xabc",
              "from": "0xabc",
              "image": "https://example.com/image.jpg",
              "name": "Token",
              "toggleModal": undefined,
              "token": Object {
                "description": "nft description",
                "image": "https://example.com/image.jpg",
                "name": "Token",
              },
              "tokenHash": undefined,
            },
            "ref": null,
            "rendered": null,
            "type": [Function],
          },
          "type": [Function],
        },
      ],
      "type": Object {
        "$$typeof": Symbol(react.forward_ref),
        "attrs": undefined,
        "componentStyle": ComponentStyle {
          "componentId": "sc-htoDjs",
          "isStatic": true,
          "rules": Array [
            "
  margin: 1em;
  padding-top: 1em;
  background-color: white;
  box-shadow: 0 1px 1px 0 rgba(60, 64, 67, 0.08),
    0 1px 3px 1px rgba(60, 64, 67, 0.16);
  text-align: center;
  width: 200px;
",
          ],
        },
        "displayName": "styled.div",
        "render": [Function],
        "styledComponentId": "sc-htoDjs",
        "target": "div",
        "warnTooManyClasses": [Function],
        "withComponent": [Function],
      },
    },
  ],
  Symbol(enzyme.__options__): Object {
    "adapter": ReactSixteenAdapter {
      "options": Object {
        "enableComponentDidUpdateOnSetState": true,
        "lifecycles": Object {
          "componentDidUpdate": Object {
            "onSetState": true,
          },
          "getDerivedStateFromProps": true,
          "getSnapshotBeforeUpdate": true,
          "setState": Object {
            "skipsComponentDidUpdateOnNullish": true,
          },
        },
      },
    },
  },
}
`;
